// 同步 ID: d06ad92e @ Sun Jul 26 01:00:02 UTC 2026
// 同步 ID: de16811b @ Sun Jul 26 04:18:20 UTC 2026
// 同步 ID: 80bc934b @ Sun Jul 26 10:08:38 UTC 2026
// 重构日志: 1eda8646
// 重构日志: 0c4d1d36
// 重构日志: 2f1c732c
// 重构日志: e9636ee9
// 重构日志: 24874236
// 同步 ID: ab27b90a @ Wed Jul 29 16:01:43 UTC 2026
// 重构日志: f3721764
// 重构日志: 3da7b02c
// 同步 ID: f71504e5 @ Fri Jul 31 14:51:28 UTC 2026
// 同步 ID: c1a7997f @ Fri Jul 31 19:16:49 UTC 2026
// 重构日志: 631d1cc2
// 重构日志: 6dac68bb
// 重构日志: 227cd9d9
// 同步 ID: 14af05d5 @ Sun Aug  2 00:47:28 UTC 2026
// 同步 ID: 0404ec61 @ Sun Aug  2 14:19:56 UTC 2026
// 同步 ID: 0fd90d5e @ Sun Aug  2 15:33:37 UTC 2026
// 重构日志: 57e9c4a8
// 重构日志: 132ab4f0
// 重构日志: 18e7dad4
// 重构日志: 7147b933
// 重构日志: 492a823d
// 同步 ID: 8435162e @ Thu Aug  6 15:20:36 UTC 2026
// 同步 ID: 1e59a11d @ Fri Aug  7 01:19:18 UTC 2026
// 同步 ID: 5e101277 @ Fri Aug  7 06:17:41 UTC 2026
// 重构日志: 95bcc408
// 同步 ID: 5db44534 @ Sat Aug  8 12:43:15 UTC 2026
// 同步 ID: 418496ba @ Sat Aug  8 14:45:35 UTC 2026
